Archive member included because of file (symbol)

c:/winavr-20100110/bin/../lib/gcc/avr/4.3.3/avr5\libgcc.a(_exit.o)
                              c:/winavr-20100110/bin/../lib/gcc/avr/4.3.3/../../../../avr/lib/avr5/crtm32u4.o (exit)
c:/winavr-20100110/bin/../lib/gcc/avr/4.3.3/avr5\libgcc.a(_clear_bss.o)
                              3310_routines.o (__do_clear_bss)

Allocating common symbols
Common symbol       size              file

char_start          0x1               3310_routines.o

Memory Configuration

Name             Origin             Length             Attributes
text             0x00000000         0x00020000         xr
data             0x00800060         0x0000ffa0         rw !x
eeprom           0x00810000         0x00010000         rw !x
fuse             0x00820000         0x00000400         rw !x
lock             0x00830000         0x00000400         rw !x
signature        0x00840000         0x00000400         rw !x
*default*        0x00000000         0xffffffff

Linker script and memory map

Address of section .data set to 0x800100
LOAD c:/winavr-20100110/bin/../lib/gcc/avr/4.3.3/../../../../avr/lib/avr5/crtm32u4.o
LOAD nokia3310_example.o
LOAD 3310_routines.o
LOAD c:/winavr-20100110/bin/../lib/gcc/avr/4.3.3/avr5\libgcc.a
LOAD c:/winavr-20100110/bin/../lib/gcc/avr/4.3.3/../../../../avr/lib/avr5\libc.a
LOAD c:/winavr-20100110/bin/../lib/gcc/avr/4.3.3/avr5\libgcc.a

.hash
 *(.hash)

.dynsym
 *(.dynsym)

.dynstr
 *(.dynstr)

.gnu.version
 *(.gnu.version)

.gnu.version_d
 *(.gnu.version_d)

.gnu.version_r
 *(.gnu.version_r)

.rel.init
 *(.rel.init)

.rela.init
 *(.rela.init)

.rel.text
 *(.rel.text)
 *(.rel.text.*)
 *(.rel.gnu.linkonce.t*)

.rela.text
 *(.rela.text)
 *(.rela.text.*)
 *(.rela.gnu.linkonce.t*)

.rel.fini
 *(.rel.fini)

.rela.fini
 *(.rela.fini)

.rel.rodata
 *(.rel.rodata)
 *(.rel.rodata.*)
 *(.rel.gnu.linkonce.r*)

.rela.rodata
 *(.rela.rodata)
 *(.rela.rodata.*)
 *(.rela.gnu.linkonce.r*)

.rel.data
 *(.rel.data)
 *(.rel.data.*)
 *(.rel.gnu.linkonce.d*)

.rela.data
 *(.rela.data)
 *(.rela.data.*)
 *(.rela.gnu.linkonce.d*)

.rel.ctors
 *(.rel.ctors)

.rela.ctors
 *(.rela.ctors)

.rel.dtors
 *(.rel.dtors)

.rela.dtors
 *(.rela.dtors)

.rel.got
 *(.rel.got)

.rela.got
 *(.rela.got)

.rel.bss
 *(.rel.bss)

.rela.bss
 *(.rela.bss)

.rel.plt
 *(.rel.plt)

.rela.plt
 *(.rela.plt)

.text           0x00000000      0x986
 *(.vectors)
 .vectors       0x00000000       0xac c:/winavr-20100110/bin/../lib/gcc/avr/4.3.3/../../../../avr/lib/avr5/crtm32u4.o
                0x00000000                __vectors
                0x00000000                __vector_default
 *(.vectors)
 *(.progmem.gcc*)
 *(.progmem*)
 .progmem.data  0x000000ac      0x43c 3310_routines.o
                0x000004e8                . = ALIGN (0x2)
                0x000004e8                __trampolines_start = .
 *(.trampolines)
 .trampolines   0x000004e8        0x0 linker stubs
 *(.trampolines*)
                0x000004e8                __trampolines_end = .
 *(.jumptables)
 *(.jumptables*)
 *(.lowtext)
 *(.lowtext*)
                0x000004e8                __ctors_start = .
 *(.ctors)
                0x000004e8                __ctors_end = .
                0x000004e8                __dtors_start = .
 *(.dtors)
                0x000004e8                __dtors_end = .
 SORT(*)(.ctors)
 SORT(*)(.dtors)
 *(.init0)
 .init0         0x000004e8        0x0 c:/winavr-20100110/bin/../lib/gcc/avr/4.3.3/../../../../avr/lib/avr5/crtm32u4.o
                0x000004e8                __init
 *(.init0)
 *(.init1)
 *(.init1)
 *(.init2)
 .init2         0x000004e8        0xc c:/winavr-20100110/bin/../lib/gcc/avr/4.3.3/../../../../avr/lib/avr5/crtm32u4.o
 *(.init2)
 *(.init3)
 *(.init3)
 *(.init4)
 .init4         0x000004f4       0x10 c:/winavr-20100110/bin/../lib/gcc/avr/4.3.3/avr5\libgcc.a(_clear_bss.o)
                0x000004f4                __do_clear_bss
 *(.init4)
 *(.init5)
 *(.init5)
 *(.init6)
 *(.init6)
 *(.init7)
 *(.init7)
 *(.init8)
 *(.init8)
 *(.init9)
 .init9         0x00000504        0x8 c:/winavr-20100110/bin/../lib/gcc/avr/4.3.3/../../../../avr/lib/avr5/crtm32u4.o
 *(.init9)
 *(.text)
 .text          0x0000050c        0x4 c:/winavr-20100110/bin/../lib/gcc/avr/4.3.3/../../../../avr/lib/avr5/crtm32u4.o
                0x0000050c                __vector_38
                0x0000050c                __vector_22
                0x0000050c                __vector_28
                0x0000050c                __vector_1
                0x0000050c                __vector_32
                0x0000050c                __vector_34
                0x0000050c                __vector_24
                0x0000050c                __vector_12
                0x0000050c                __bad_interrupt
                0x0000050c                __vector_6
                0x0000050c                __vector_31
                0x0000050c                __vector_35
                0x0000050c                __vector_39
                0x0000050c                __vector_3
                0x0000050c                __vector_23
                0x0000050c                __vector_30
                0x0000050c                __vector_25
                0x0000050c                __vector_11
                0x0000050c                __vector_13
                0x0000050c                __vector_17
                0x0000050c                __vector_19
                0x0000050c                __vector_7
                0x0000050c                __vector_41
                0x0000050c                __vector_27
                0x0000050c                __vector_5
                0x0000050c                __vector_33
                0x0000050c                __vector_37
                0x0000050c                __vector_4
                0x0000050c                __vector_9
                0x0000050c                __vector_2
                0x0000050c                __vector_21
                0x0000050c                __vector_15
                0x0000050c                __vector_36
                0x0000050c                __vector_29
                0x0000050c                __vector_40
                0x0000050c                __vector_8
                0x0000050c                __vector_26
                0x0000050c                __vector_14
                0x0000050c                __vector_10
                0x0000050c                __vector_16
                0x0000050c                __vector_18
                0x0000050c                __vector_20
                0x0000050c                __vector_42
 .text          0x00000510        0x6 nokia3310_example.o
                0x00000510                main
 .text          0x00000516      0x46c 3310_routines.o
                0x000005b4                LCD_setPixel
                0x0000067e                LCD_clear
                0x00000706                LCD_writeChar
                0x00000560                LCD_clearPixel
                0x00000516                spi_init
                0x00000888                LCD_writeString_F
                0x000008c6                LCD_init
                0x00000908                LCD_drawBorder
                0x0000053c                LCD_gotoXY
                0x00000604                LCD_update
                0x0000051c                LCD_writeCommand
                0x000008a2                delay_ms
                0x0000052c                LCD_writeData
                0x0000085e                LCD_writeString_megaFont
                0x000007aa                LCD_writeChar_megaFont
 .text          0x00000982        0x0 c:/winavr-20100110/bin/../lib/gcc/avr/4.3.3/avr5\libgcc.a(_exit.o)
 .text          0x00000982        0x0 c:/winavr-20100110/bin/../lib/gcc/avr/4.3.3/avr5\libgcc.a(_clear_bss.o)
                0x00000982                . = ALIGN (0x2)
 *(.text.*)
 .text.libgcc   0x00000982        0x0 c:/winavr-20100110/bin/../lib/gcc/avr/4.3.3/avr5\libgcc.a(_exit.o)
 .text.libgcc   0x00000982        0x0 c:/winavr-20100110/bin/../lib/gcc/avr/4.3.3/avr5\libgcc.a(_clear_bss.o)
                0x00000982                . = ALIGN (0x2)
 *(.fini9)
 .fini9         0x00000982        0x0 c:/winavr-20100110/bin/../lib/gcc/avr/4.3.3/avr5\libgcc.a(_exit.o)
                0x00000982                exit
                0x00000982                _exit
 *(.fini9)
 *(.fini8)
 *(.fini8)
 *(.fini7)
 *(.fini7)
 *(.fini6)
 *(.fini6)
 *(.fini5)
 *(.fini5)
 *(.fini4)
 *(.fini4)
 *(.fini3)
 *(.fini3)
 *(.fini2)
 *(.fini2)
 *(.fini1)
 *(.fini1)
 *(.fini0)
 .fini0         0x00000982        0x4 c:/winavr-20100110/bin/../lib/gcc/avr/4.3.3/avr5\libgcc.a(_exit.o)
 *(.fini0)
                0x00000986                _etext = .

.data           0x00800100        0x0 load address 0x00000986
                0x00800100                PROVIDE (__data_start, .)
 *(.data)
 .data          0x00800100        0x0 c:/winavr-20100110/bin/../lib/gcc/avr/4.3.3/../../../../avr/lib/avr5/crtm32u4.o
 .data          0x00800100        0x0 nokia3310_example.o
 .data          0x00800100        0x0 3310_routines.o
 .data          0x00800100        0x0 c:/winavr-20100110/bin/../lib/gcc/avr/4.3.3/avr5\libgcc.a(_exit.o)
 .data          0x00800100        0x0 c:/winavr-20100110/bin/../lib/gcc/avr/4.3.3/avr5\libgcc.a(_clear_bss.o)
 *(.data*)
 *(.rodata)
 *(.rodata*)
 *(.gnu.linkonce.d*)
                0x00800100                . = ALIGN (0x2)
                0x00800100                _edata = .
                0x00800100                PROVIDE (__data_end, .)

.bss            0x00800100      0x2a3
                0x00800100                PROVIDE (__bss_start, .)
 *(.bss)
 .bss           0x00800100        0x0 c:/winavr-20100110/bin/../lib/gcc/avr/4.3.3/../../../../avr/lib/avr5/crtm32u4.o
 .bss           0x00800100        0x0 nokia3310_example.o
 .bss           0x00800100      0x2a2 3310_routines.o
 .bss           0x008003a2        0x0 c:/winavr-20100110/bin/../lib/gcc/avr/4.3.3/avr5\libgcc.a(_exit.o)
 .bss           0x008003a2        0x0 c:/winavr-20100110/bin/../lib/gcc/avr/4.3.3/avr5\libgcc.a(_clear_bss.o)
 *(.bss*)
 *(COMMON)
 COMMON         0x008003a2        0x1 3310_routines.o
                0x008003a2                char_start
                0x008003a3                PROVIDE (__bss_end, .)
                0x00000986                __data_load_start = LOADADDR (.data)
                0x00000986                __data_load_end = (__data_load_start + SIZEOF (.data))

.noinit         0x008003a3        0x0
                0x008003a3                PROVIDE (__noinit_start, .)
 *(.noinit*)
                0x008003a3                PROVIDE (__noinit_end, .)
                0x008003a3                _end = .
                0x008003a3                PROVIDE (__heap_start, .)

.eeprom         0x00810000        0x0
 *(.eeprom*)
                0x00810000                __eeprom_end = .

.fuse
 *(.fuse)
 *(.lfuse)
 *(.hfuse)
 *(.efuse)

.lock
 *(.lock*)

.signature
 *(.signature*)

.stab
 *(.stab)

.stabstr
 *(.stabstr)

.stab.excl
 *(.stab.excl)

.stab.exclstr
 *(.stab.exclstr)

.stab.index
 *(.stab.index)

.stab.indexstr
 *(.stab.indexstr)

.comment
 *(.comment)

.debug
 *(.debug)

.line
 *(.line)

.debug_srcinfo
 *(.debug_srcinfo)

.debug_sfnames
 *(.debug_sfnames)

.debug_aranges  0x00000000       0x40
 *(.debug_aranges)
 .debug_aranges
                0x00000000       0x20 nokia3310_example.o
 .debug_aranges
                0x00000020       0x20 3310_routines.o

.debug_pubnames
                0x00000000      0x14d
 *(.debug_pubnames)
 .debug_pubnames
                0x00000000       0x1b nokia3310_example.o
 .debug_pubnames
                0x0000001b      0x132 3310_routines.o

.debug_info     0x00000000      0x50f
 *(.debug_info)
 .debug_info    0x00000000       0x78 nokia3310_example.o
 .debug_info    0x00000078      0x497 3310_routines.o
 *(.gnu.linkonce.wi.*)

.debug_abbrev   0x00000000      0x183
 *(.debug_abbrev)
 .debug_abbrev  0x00000000       0x48 nokia3310_example.o
 .debug_abbrev  0x00000048      0x13b 3310_routines.o

.debug_line     0x00000000      0x50e
 *(.debug_line)
 .debug_line    0x00000000       0x68 nokia3310_example.o
 .debug_line    0x00000068      0x4a6 3310_routines.o

.debug_frame    0x00000000      0x120
 *(.debug_frame)
 .debug_frame   0x00000000       0x20 nokia3310_example.o
 .debug_frame   0x00000020      0x100 3310_routines.o

.debug_str      0x00000000      0x1ff
 *(.debug_str)
 .debug_str     0x00000000       0x9a nokia3310_example.o
                                 0xce (size before relaxing)
 .debug_str     0x0000009a      0x165 3310_routines.o
                                0x221 (size before relaxing)

.debug_loc      0x00000000      0x228
 *(.debug_loc)
 .debug_loc     0x00000000      0x228 3310_routines.o

.debug_macinfo
 *(.debug_macinfo)
OUTPUT(nokia3310_example.elf elf32-avr)
LOAD linker stubs

.debug_ranges   0x00000000       0x18
 .debug_ranges  0x00000000       0x18 3310_routines.o
